test 7-base_geometry
=================

for use 'base_geometry' function
---------------------------------

the function have to:

    - validate value


first, import the function:

    >>> BaseGeometry = __import__('7-base_geometry').BaseGeometry


examples:


""" value is string """

>>> bg = BaseGeometry()
>>> bg.integer_validator("name", "John")
Traceback (most recent call last):
    ...
TypeError: name must be an integer




""" value == 0 """
>>> bg.integer_validator("age", 0)
Traceback (most recent call last):
    ...
ValueError: age must be greater than 0





""" value < 0 """
>>> bg.integer_validator("distance", -4)
Traceback (most recent call last):
    ...
ValueError: distance must be greater than 0




""" test area metod """
>>> print(bg.area())
Traceback (most recent call last):
    ...
Exception: area() is not implemented